     1 00000000                                 [FORMAT "WCOFF"]
     2 00000000                                 [INSTRSET "i486p"]
     3 00000000                                 [OPTIMIZE 1]
     4 00000000                                 [OPTION 1]
     5 00000000                                 [BITS 32]
     6 00000000                                 	EXTERN	_sprintf
     7 00000000                                 	EXTERN	_io_hlt
     8 00000000                                 	EXTERN	_io_load_eflags
     9 00000000                                 	EXTERN	_io_cli
    10 00000000                                 	EXTERN	_io_out8
    11 00000000                                 	EXTERN	_io_store_eflags
    12 00000000                                 	EXTERN	_hankaku
    13 00000000                                 [FILE "bootsource.c"]
    14                                          [SECTION .data]
    15 00000000                                 LC0:
    16 00000000 68 65 6C 6C 6F 20 7A 4F 53 00   	DB	"hello zOS",0x00
    17 0000000A                                 LC1:
    18 0000000A 32 30 31 39 2E 31 30 2E 31 39   	DB	"2019.10.19 updata",0x00
       00000014 20 75 70 64 61 74 61 00 
    19 0000001C                                 LC2:
    20 0000001C 78 20 72 65 73 6F 6C 75 74 69   	DB	"x resolution is %d",0x00
       00000026 6F 6E 20 69 73 20 25 64 00 
    21 0000002F                                 LC3:
    22 0000002F 79 20 72 65 73 6F 6C 75 74 69   	DB	"y resolution is %d",0x00
       00000039 6F 6E 20 69 73 20 25 64 00 
    23                                          [SECTION .text]
    24 00000000                                 	GLOBAL	_HariMain
    25 00000000                                 _HariMain:
    26 00000000 55                              	PUSH	EBP
    27 00000001 89 E5                           	MOV	EBP,ESP
    28 00000003 57                              	PUSH	EDI
    29 00000004 56                              	PUSH	ESI
    30 00000005 53                              	PUSH	EBX
    31 00000006 8D 75 94                        	LEA	ESI,DWORD [-108+EBP]
    32 00000009 81 EC 00000164                  	SUB	ESP,356
    33 0000000F 8D 5D C4                        	LEA	EBX,DWORD [-60+EBP]
    34 00000012 E8 00000121                     	CALL	_init_palette
    35 00000017 0F BF 05 00000FF6               	MOVSX	EAX,WORD [4086]
    36 0000001E 50                              	PUSH	EAX
    37 0000001F 0F BF 05 00000FF4               	MOVSX	EAX,WORD [4084]
    38 00000026 50                              	PUSH	EAX
    39 00000027 FF 35 00000FF8                  	PUSH	DWORD [4088]
    40 0000002D E8 000001F2                     	CALL	_init_screen
    41 00000032 B9 00000002                     	MOV	ECX,2
    42 00000037 0F BF 05 00000FF4               	MOVSX	EAX,WORD [4084]
    43 0000003E 8D 50 F0                        	LEA	EDX,DWORD [-16+EAX]
    44 00000041 89 D0                           	MOV	EAX,EDX
    45 00000043 99                              	CDQ
    46 00000044 F7 F9                           	IDIV	ECX
    47 00000046 0F BF 15 00000FF6               	MOVSX	EDX,WORD [4086]
    48 0000004D 83 EA 2C                        	SUB	EDX,44
    49 00000050 89 85 FFFFFE90                  	MOV	DWORD [-368+EBP],EAX
    50 00000056 89 D0                           	MOV	EAX,EDX
    51 00000058 68 [00000000]                   	PUSH	LC0
    52 0000005D 99                              	CDQ
    53 0000005E F7 F9                           	IDIV	ECX
    54 00000060 6A 07                           	PUSH	7
    55 00000062 89 C7                           	MOV	EDI,EAX
    56 00000064 6A 08                           	PUSH	8
    57 00000066 6A 08                           	PUSH	8
    58 00000068 0F BF 05 00000FF4               	MOVSX	EAX,WORD [4084]
    59 0000006F 50                              	PUSH	EAX
    60 00000070 FF 35 00000FF8                  	PUSH	DWORD [4088]
    61 00000076 E8 0000040A                     	CALL	_putfonts
    62 0000007B 83 C4 24                        	ADD	ESP,36
    63 0000007E 68 [0000000A]                   	PUSH	LC1
    64 00000083 6A 07                           	PUSH	7
    65 00000085 6A 1F                           	PUSH	31
    66 00000087 6A 08                           	PUSH	8
    67 00000089 0F BF 05 00000FF4               	MOVSX	EAX,WORD [4084]
    68 00000090 50                              	PUSH	EAX
    69 00000091 FF 35 00000FF8                  	PUSH	DWORD [4088]
    70 00000097 E8 000003E9                     	CALL	_putfonts
    71 0000009C 0F BF 05 00000FF4               	MOVSX	EAX,WORD [4084]
    72 000000A3 50                              	PUSH	EAX
    73 000000A4 68 [0000001C]                   	PUSH	LC2
    74 000000A9 53                              	PUSH	EBX
    75 000000AA E8 [00000000]                   	CALL	_sprintf
    76 000000AF 83 C4 24                        	ADD	ESP,36
    77 000000B2 0F BF 05 00000FF6               	MOVSX	EAX,WORD [4086]
    78 000000B9 50                              	PUSH	EAX
    79 000000BA 68 [0000002F]                   	PUSH	LC3
    80 000000BF 56                              	PUSH	ESI
    81 000000C0 E8 [00000000]                   	CALL	_sprintf
    82 000000C5 53                              	PUSH	EBX
    83 000000C6 6A 07                           	PUSH	7
    84 000000C8 8D 9D FFFFFE94                  	LEA	EBX,DWORD [-364+EBP]
    85 000000CE 6A 40                           	PUSH	64
    86 000000D0 6A 10                           	PUSH	16
    87 000000D2 0F BF 05 00000FF4               	MOVSX	EAX,WORD [4084]
    88 000000D9 50                              	PUSH	EAX
    89 000000DA FF 35 00000FF8                  	PUSH	DWORD [4088]
    90 000000E0 E8 000003A0                     	CALL	_putfonts
    91 000000E5 83 C4 24                        	ADD	ESP,36
    92 000000E8 56                              	PUSH	ESI
    93 000000E9 6A 07                           	PUSH	7
    94 000000EB 6A 60                           	PUSH	96
    95 000000ED 6A 10                           	PUSH	16
    96 000000EF 0F BF 05 00000FF4               	MOVSX	EAX,WORD [4084]
    97 000000F6 50                              	PUSH	EAX
    98 000000F7 FF 35 00000FF8                  	PUSH	DWORD [4088]
    99 000000FD E8 00000383                     	CALL	_putfonts
   100 00000102 6A 0E                           	PUSH	14
   101 00000104 53                              	PUSH	EBX
   102 00000105 E8 000003CA                     	CALL	_init_mouse_cursor8
   103 0000010A 83 C4 20                        	ADD	ESP,32
   104 0000010D 6A 10                           	PUSH	16
   105 0000010F 53                              	PUSH	EBX
   106 00000110 57                              	PUSH	EDI
   107 00000111 FF B5 FFFFFE90                  	PUSH	DWORD [-368+EBP]
   108 00000117 6A 10                           	PUSH	16
   109 00000119 6A 10                           	PUSH	16
   110 0000011B 0F BF 05 00000FF4               	MOVSX	EAX,WORD [4084]
   111 00000122 50                              	PUSH	EAX
   112 00000123 FF 35 00000FF8                  	PUSH	DWORD [4088]
   113 00000129 E8 00000403                     	CALL	_putblock8_8
   114 0000012E 83 C4 20                        	ADD	ESP,32
   115 00000131                                 L5:
   116 00000131 E8 [00000000]                   	CALL	_io_hlt
   117 00000136 EB F9                           	JMP	L5
   118                                          [SECTION .data]
   119 00000042                                 _table_rgb.0:
   120 00000042 00                              	DB	0
   121 00000043 00                              	DB	0
   122 00000044 00                              	DB	0
   123 00000045 FF                              	DB	-1
   124 00000046 00                              	DB	0
   125 00000047 00                              	DB	0
   126 00000048 00                              	DB	0
   127 00000049 FF                              	DB	-1
   128 0000004A 00                              	DB	0
   129 0000004B FF                              	DB	-1
   130 0000004C FF                              	DB	-1
   131 0000004D 00                              	DB	0
   132 0000004E 00                              	DB	0
   133 0000004F 00                              	DB	0
   134 00000050 FF                              	DB	-1
   135 00000051 FF                              	DB	-1
   136 00000052 00                              	DB	0
   137 00000053 FF                              	DB	-1
   138 00000054 00                              	DB	0
   139 00000055 FF                              	DB	-1
   140 00000056 FF                              	DB	-1
   141 00000057 FF                              	DB	-1
   142 00000058 FF                              	DB	-1
   143 00000059 FF                              	DB	-1
   144 0000005A C6                              	DB	-58
   145 0000005B C6                              	DB	-58
   146 0000005C C6                              	DB	-58
   147 0000005D 84                              	DB	-124
   148 0000005E 00                              	DB	0
   149 0000005F 00                              	DB	0
   150 00000060 00                              	DB	0
   151 00000061 84                              	DB	-124
   152 00000062 00                              	DB	0
   153 00000063 84                              	DB	-124
   154 00000064 84                              	DB	-124
   155 00000065 00                              	DB	0
   156 00000066 00                              	DB	0
   157 00000067 00                              	DB	0
   158 00000068 84                              	DB	-124
   159 00000069 84                              	DB	-124
   160 0000006A 00                              	DB	0
   161 0000006B 84                              	DB	-124
   162 0000006C 00                              	DB	0
   163 0000006D 84                              	DB	-124
   164 0000006E 84                              	DB	-124
   165 0000006F 84                              	DB	-124
   166 00000070 84                              	DB	-124
   167 00000071 84                              	DB	-124
   168                                          [SECTION .text]
   169 00000138                                 	GLOBAL	_init_palette
   170 00000138                                 _init_palette:
   171 00000138 55                              	PUSH	EBP
   172 00000139 89 E5                           	MOV	EBP,ESP
   173 0000013B 68 [00000042]                   	PUSH	_table_rgb.0
   174 00000140 6A 0F                           	PUSH	15
   175 00000142 6A 00                           	PUSH	0
   176 00000144 E8 00000002                     	CALL	_set_palette
   177 00000149 C9                              	LEAVE
   178 0000014A C3                              	RET
   179 0000014B                                 	GLOBAL	_set_palette
   180 0000014B                                 _set_palette:
   181 0000014B 55                              	PUSH	EBP
   182 0000014C 89 E5                           	MOV	EBP,ESP
   183 0000014E 57                              	PUSH	EDI
   184 0000014F 56                              	PUSH	ESI
   185 00000150 53                              	PUSH	EBX
   186 00000151 51                              	PUSH	ECX
   187 00000152 8B 5D 08                        	MOV	EBX,DWORD [8+EBP]
   188 00000155 8B 7D 0C                        	MOV	EDI,DWORD [12+EBP]
   189 00000158 8B 75 10                        	MOV	ESI,DWORD [16+EBP]
   190 0000015B E8 [00000000]                   	CALL	_io_load_eflags
   191 00000160 89 45 F0                        	MOV	DWORD [-16+EBP],EAX
   192 00000163 E8 [00000000]                   	CALL	_io_cli
   193 00000168 53                              	PUSH	EBX
   194 00000169 68 000003C8                     	PUSH	968
   195 0000016E E8 [00000000]                   	CALL	_io_out8
   196 00000173 39 FB                           	CMP	EBX,EDI
   197 00000175 58                              	POP	EAX
   198 00000176 5A                              	POP	EDX
   199 00000177 7E 12                           	JLE	L12
   200 00000179                                 L14:
   201 00000179 8B 45 F0                        	MOV	EAX,DWORD [-16+EBP]
   202 0000017C 89 45 08                        	MOV	DWORD [8+EBP],EAX
   203 0000017F 8D 65 F4                        	LEA	ESP,DWORD [-12+EBP]
   204 00000182 5B                              	POP	EBX
   205 00000183 5E                              	POP	ESI
   206 00000184 5F                              	POP	EDI
   207 00000185 5D                              	POP	EBP
   208 00000186 E9 [00000000]                   	JMP	_io_store_eflags
   209 0000018B                                 L12:
   210 0000018B 8A 06                           	MOV	AL,BYTE [ESI]
   211 0000018D 43                              	INC	EBX
   212 0000018E C0 E8 02                        	SHR	AL,2
   213 00000191 0F B6 C0                        	MOVZX	EAX,AL
   214 00000194 50                              	PUSH	EAX
   215 00000195 68 000003C9                     	PUSH	969
   216 0000019A E8 [00000000]                   	CALL	_io_out8
   217 0000019F 8A 46 01                        	MOV	AL,BYTE [1+ESI]
   218 000001A2 C0 E8 02                        	SHR	AL,2
   219 000001A5 0F B6 C0                        	MOVZX	EAX,AL
   220 000001A8 50                              	PUSH	EAX
   221 000001A9 68 000003C9                     	PUSH	969
   222 000001AE E8 [00000000]                   	CALL	_io_out8
   223 000001B3 8A 46 02                        	MOV	AL,BYTE [2+ESI]
   224 000001B6 C0 E8 02                        	SHR	AL,2
   225 000001B9 83 C6 03                        	ADD	ESI,3
   226 000001BC 0F B6 C0                        	MOVZX	EAX,AL
   227 000001BF 50                              	PUSH	EAX
   228 000001C0 68 000003C9                     	PUSH	969
   229 000001C5 E8 [00000000]                   	CALL	_io_out8
   230 000001CA 83 C4 18                        	ADD	ESP,24
   231 000001CD 39 FB                           	CMP	EBX,EDI
   232 000001CF 7E BA                           	JLE	L12
   233 000001D1 EB A6                           	JMP	L14
   234 000001D3                                 	GLOBAL	_boxfill8
   235 000001D3                                 _boxfill8:
   236 000001D3 55                              	PUSH	EBP
   237 000001D4 89 E5                           	MOV	EBP,ESP
   238 000001D6 57                              	PUSH	EDI
   239 000001D7 56                              	PUSH	ESI
   240 000001D8 53                              	PUSH	EBX
   241 000001D9 57                              	PUSH	EDI
   242 000001DA 57                              	PUSH	EDI
   243 000001DB 8A 45 10                        	MOV	AL,BYTE [16+EBP]
   244 000001DE 8B 4D 18                        	MOV	ECX,DWORD [24+EBP]
   245 000001E1 8B 7D 1C                        	MOV	EDI,DWORD [28+EBP]
   246 000001E4 88 45 F3                        	MOV	BYTE [-13+EBP],AL
   247 000001E7 3B 4D 20                        	CMP	ECX,DWORD [32+EBP]
   248 000001EA 7F 31                           	JG	L27
   249 000001EC 8B 5D 0C                        	MOV	EBX,DWORD [12+EBP]
   250 000001EF 0F AF D9                        	IMUL	EBX,ECX
   251 000001F2                                 L25:
   252 000001F2 8B 55 14                        	MOV	EDX,DWORD [20+EBP]
   253 000001F5 39 FA                           	CMP	EDX,EDI
   254 000001F7 7F 1B                           	JG	L29
   255 000001F9 8B 75 08                        	MOV	ESI,DWORD [8+EBP]
   256 000001FC 01 DE                           	ADD	ESI,EBX
   257 000001FE 01 D6                           	ADD	ESI,EDX
   258 00000200 89 75 EC                        	MOV	DWORD [-20+EBP],ESI
   259 00000203                                 L24:
   260 00000203 8B 75 EC                        	MOV	ESI,DWORD [-20+EBP]
   261 00000206 8A 45 F3                        	MOV	AL,BYTE [-13+EBP]
   262 00000209 42                              	INC	EDX
   263 0000020A 88 06                           	MOV	BYTE [ESI],AL
   264 0000020C 46                              	INC	ESI
   265 0000020D 89 75 EC                        	MOV	DWORD [-20+EBP],ESI
   266 00000210 39 FA                           	CMP	EDX,EDI
   267 00000212 7E EF                           	JLE	L24
   268 00000214                                 L29:
   269 00000214 41                              	INC	ECX
   270 00000215 03 5D 0C                        	ADD	EBX,DWORD [12+EBP]
   271 00000218 3B 4D 20                        	CMP	ECX,DWORD [32+EBP]
   272 0000021B 7E D5                           	JLE	L25
   273 0000021D                                 L27:
   274 0000021D 5B                              	POP	EBX
   275 0000021E 5E                              	POP	ESI
   276 0000021F 5B                              	POP	EBX
   277 00000220 5E                              	POP	ESI
   278 00000221 5F                              	POP	EDI
   279 00000222 5D                              	POP	EBP
   280 00000223 C3                              	RET
   281 00000224                                 	GLOBAL	_init_screen
   282 00000224                                 _init_screen:
   283 00000224 55                              	PUSH	EBP
   284 00000225 89 E5                           	MOV	EBP,ESP
   285 00000227 57                              	PUSH	EDI
   286 00000228 56                              	PUSH	ESI
   287 00000229 53                              	PUSH	EBX
   288 0000022A 83 EC 0C                        	SUB	ESP,12
   289 0000022D 8B 45 10                        	MOV	EAX,DWORD [16+EBP]
   290 00000230 8B 75 0C                        	MOV	ESI,DWORD [12+EBP]
   291 00000233 83 E8 1D                        	SUB	EAX,29
   292 00000236 4E                              	DEC	ESI
   293 00000237 50                              	PUSH	EAX
   294 00000238 56                              	PUSH	ESI
   295 00000239 6A 00                           	PUSH	0
   296 0000023B 6A 00                           	PUSH	0
   297 0000023D 6A 0D                           	PUSH	13
   298 0000023F FF 75 0C                        	PUSH	DWORD [12+EBP]
   299 00000242 FF 75 08                        	PUSH	DWORD [8+EBP]
   300 00000245 E8 FFFFFF89                     	CALL	_boxfill8
   301 0000024A 8B 45 10                        	MOV	EAX,DWORD [16+EBP]
   302 0000024D 83 E8 1C                        	SUB	EAX,28
   303 00000250 50                              	PUSH	EAX
   304 00000251 56                              	PUSH	ESI
   305 00000252 50                              	PUSH	EAX
   306 00000253 6A 00                           	PUSH	0
   307 00000255 6A 08                           	PUSH	8
   308 00000257 FF 75 0C                        	PUSH	DWORD [12+EBP]
   309 0000025A FF 75 08                        	PUSH	DWORD [8+EBP]
   310 0000025D E8 FFFFFF71                     	CALL	_boxfill8
   311 00000262 8B 45 10                        	MOV	EAX,DWORD [16+EBP]
   312 00000265 83 C4 38                        	ADD	ESP,56
   313 00000268 83 E8 1B                        	SUB	EAX,27
   314 0000026B 50                              	PUSH	EAX
   315 0000026C 56                              	PUSH	ESI
   316 0000026D 50                              	PUSH	EAX
   317 0000026E 6A 00                           	PUSH	0
   318 00000270 6A 07                           	PUSH	7
   319 00000272 FF 75 0C                        	PUSH	DWORD [12+EBP]
   320 00000275 FF 75 08                        	PUSH	DWORD [8+EBP]
   321 00000278 E8 FFFFFF56                     	CALL	_boxfill8
   322 0000027D 8B 45 10                        	MOV	EAX,DWORD [16+EBP]
   323 00000280 48                              	DEC	EAX
   324 00000281 50                              	PUSH	EAX
   325 00000282 8B 45 10                        	MOV	EAX,DWORD [16+EBP]
   326 00000285 83 E8 1A                        	SUB	EAX,26
   327 00000288 56                              	PUSH	ESI
   328 00000289 50                              	PUSH	EAX
   329 0000028A 6A 00                           	PUSH	0
   330 0000028C 6A 08                           	PUSH	8
   331 0000028E FF 75 0C                        	PUSH	DWORD [12+EBP]
   332 00000291 FF 75 08                        	PUSH	DWORD [8+EBP]
   333 00000294 E8 FFFFFF3A                     	CALL	_boxfill8
   334 00000299 83 C4 38                        	ADD	ESP,56
   335 0000029C 6A 78                           	PUSH	120
   336 0000029E 68 00000096                     	PUSH	150
   337 000002A3 6A 14                           	PUSH	20
   338 000002A5 6A 14                           	PUSH	20
   339 000002A7 6A 01                           	PUSH	1
   340 000002A9 FF 75 0C                        	PUSH	DWORD [12+EBP]
   341 000002AC FF 75 08                        	PUSH	DWORD [8+EBP]
   342 000002AF E8 FFFFFF1F                     	CALL	_boxfill8
   343 000002B4 68 0000008C                     	PUSH	140
   344 000002B9 68 000000B4                     	PUSH	180
   345 000002BE 6A 32                           	PUSH	50
   346 000002C0 6A 46                           	PUSH	70
   347 000002C2 6A 02                           	PUSH	2
   348 000002C4 FF 75 0C                        	PUSH	DWORD [12+EBP]
   349 000002C7 FF 75 08                        	PUSH	DWORD [8+EBP]
   350 000002CA E8 FFFFFF04                     	CALL	_boxfill8
   351 000002CF 83 C4 38                        	ADD	ESP,56
   352 000002D2 68 00000096                     	PUSH	150
   353 000002D7 68 000000D2                     	PUSH	210
   354 000002DC 6A 50                           	PUSH	80
   355 000002DE 6A 78                           	PUSH	120
   356 000002E0 6A 04                           	PUSH	4
   357 000002E2 FF 75 0C                        	PUSH	DWORD [12+EBP]
   358 000002E5 FF 75 08                        	PUSH	DWORD [8+EBP]
   359 000002E8 E8 FFFFFEE6                     	CALL	_boxfill8
   360 000002ED 8B 7D 10                        	MOV	EDI,DWORD [16+EBP]
   361 000002F0 83 EF 18                        	SUB	EDI,24
   362 000002F3 57                              	PUSH	EDI
   363 000002F4 6A 3B                           	PUSH	59
   364 000002F6 57                              	PUSH	EDI
   365 000002F7 6A 03                           	PUSH	3
   366 000002F9 6A 07                           	PUSH	7
   367 000002FB FF 75 0C                        	PUSH	DWORD [12+EBP]
   368 000002FE FF 75 08                        	PUSH	DWORD [8+EBP]
   369 00000301 E8 FFFFFECD                     	CALL	_boxfill8
   370 00000306 8B 5D 10                        	MOV	EBX,DWORD [16+EBP]
   371 00000309 83 C4 38                        	ADD	ESP,56
   372 0000030C 83 EB 04                        	SUB	EBX,4
   373 0000030F 53                              	PUSH	EBX
   374 00000310 6A 02                           	PUSH	2
   375 00000312 57                              	PUSH	EDI
   376 00000313 6A 02                           	PUSH	2
   377 00000315 6A 07                           	PUSH	7
   378 00000317 FF 75 0C                        	PUSH	DWORD [12+EBP]
   379 0000031A FF 75 08                        	PUSH	DWORD [8+EBP]
   380 0000031D E8 FFFFFEB1                     	CALL	_boxfill8
   381 00000322 53                              	PUSH	EBX
   382 00000323 6A 3B                           	PUSH	59
   383 00000325 53                              	PUSH	EBX
   384 00000326 6A 03                           	PUSH	3
   385 00000328 6A 0F                           	PUSH	15
   386 0000032A FF 75 0C                        	PUSH	DWORD [12+EBP]
   387 0000032D FF 75 08                        	PUSH	DWORD [8+EBP]
   388 00000330 E8 FFFFFE9E                     	CALL	_boxfill8
   389 00000335 8B 45 10                        	MOV	EAX,DWORD [16+EBP]
   390 00000338 83 C4 38                        	ADD	ESP,56
   391 0000033B 83 E8 05                        	SUB	EAX,5
   392 0000033E 50                              	PUSH	EAX
   393 0000033F 8B 45 10                        	MOV	EAX,DWORD [16+EBP]
   394 00000342 6A 3B                           	PUSH	59
   395 00000344 83 E8 17                        	SUB	EAX,23
   396 00000347 50                              	PUSH	EAX
   397 00000348 89 45 F0                        	MOV	DWORD [-16+EBP],EAX
   398 0000034B 6A 3B                           	PUSH	59
   399 0000034D 6A 0F                           	PUSH	15
   400 0000034F FF 75 0C                        	PUSH	DWORD [12+EBP]
   401 00000352 FF 75 08                        	PUSH	DWORD [8+EBP]
   402 00000355 E8 FFFFFE79                     	CALL	_boxfill8
   403 0000035A 8B 45 10                        	MOV	EAX,DWORD [16+EBP]
   404 0000035D 83 E8 03                        	SUB	EAX,3
   405 00000360 50                              	PUSH	EAX
   406 00000361 89 45 EC                        	MOV	DWORD [-20+EBP],EAX
   407 00000364 6A 3B                           	PUSH	59
   408 00000366 50                              	PUSH	EAX
   409 00000367 6A 02                           	PUSH	2
   410 00000369 6A 00                           	PUSH	0
   411 0000036B FF 75 0C                        	PUSH	DWORD [12+EBP]
   412 0000036E FF 75 08                        	PUSH	DWORD [8+EBP]
   413 00000371 E8 FFFFFE5D                     	CALL	_boxfill8
   414 00000376 83 C4 38                        	ADD	ESP,56
   415 00000379 FF 75 EC                        	PUSH	DWORD [-20+EBP]
   416 0000037C 6A 3C                           	PUSH	60
   417 0000037E 57                              	PUSH	EDI
   418 0000037F 6A 3C                           	PUSH	60
   419 00000381 6A 00                           	PUSH	0
   420 00000383 FF 75 0C                        	PUSH	DWORD [12+EBP]
   421 00000386 FF 75 08                        	PUSH	DWORD [8+EBP]
   422 00000389 E8 FFFFFE45                     	CALL	_boxfill8
   423 0000038E 8B 75 0C                        	MOV	ESI,DWORD [12+EBP]
   424 00000391 8B 45 0C                        	MOV	EAX,DWORD [12+EBP]
   425 00000394 57                              	PUSH	EDI
   426 00000395 83 E8 04                        	SUB	EAX,4
   427 00000398 83 EE 2F                        	SUB	ESI,47
   428 0000039B 50                              	PUSH	EAX
   429 0000039C 89 45 E8                        	MOV	DWORD [-24+EBP],EAX
   430 0000039F 57                              	PUSH	EDI
   431 000003A0 56                              	PUSH	ESI
   432 000003A1 6A 0F                           	PUSH	15
   433 000003A3 FF 75 0C                        	PUSH	DWORD [12+EBP]
   434 000003A6 FF 75 08                        	PUSH	DWORD [8+EBP]
   435 000003A9 E8 FFFFFE25                     	CALL	_boxfill8
   436 000003AE 83 C4 38                        	ADD	ESP,56
   437 000003B1 53                              	PUSH	EBX
   438 000003B2 56                              	PUSH	ESI
   439 000003B3 FF 75 F0                        	PUSH	DWORD [-16+EBP]
   440 000003B6 56                              	PUSH	ESI
   441 000003B7 6A 0F                           	PUSH	15
   442 000003B9 FF 75 0C                        	PUSH	DWORD [12+EBP]
   443 000003BC FF 75 08                        	PUSH	DWORD [8+EBP]
   444 000003BF E8 FFFFFE0F                     	CALL	_boxfill8
   445 000003C4 FF 75 EC                        	PUSH	DWORD [-20+EBP]
   446 000003C7 FF 75 E8                        	PUSH	DWORD [-24+EBP]
   447 000003CA FF 75 EC                        	PUSH	DWORD [-20+EBP]
   448 000003CD 56                              	PUSH	ESI
   449 000003CE 6A 07                           	PUSH	7
   450 000003D0 FF 75 0C                        	PUSH	DWORD [12+EBP]
   451 000003D3 FF 75 08                        	PUSH	DWORD [8+EBP]
   452 000003D6 E8 FFFFFDF8                     	CALL	_boxfill8
   453 000003DB 8B 45 0C                        	MOV	EAX,DWORD [12+EBP]
   454 000003DE 83 C4 38                        	ADD	ESP,56
   455 000003E1 83 E8 03                        	SUB	EAX,3
   456 000003E4 FF 75 EC                        	PUSH	DWORD [-20+EBP]
   457 000003E7 50                              	PUSH	EAX
   458 000003E8 57                              	PUSH	EDI
   459 000003E9 50                              	PUSH	EAX
   460 000003EA 6A 07                           	PUSH	7
   461 000003EC FF 75 0C                        	PUSH	DWORD [12+EBP]
   462 000003EF FF 75 08                        	PUSH	DWORD [8+EBP]
   463 000003F2 E8 FFFFFDDC                     	CALL	_boxfill8
   464 000003F7 8D 65 F4                        	LEA	ESP,DWORD [-12+EBP]
   465 000003FA 5B                              	POP	EBX
   466 000003FB 5E                              	POP	ESI
   467 000003FC 5F                              	POP	EDI
   468 000003FD 5D                              	POP	EBP
   469 000003FE C3                              	RET
   470 000003FF                                 	GLOBAL	_putfont8
   471 000003FF                                 _putfont8:
   472 000003FF 55                              	PUSH	EBP
   473 00000400 89 E5                           	MOV	EBP,ESP
   474 00000402 57                              	PUSH	EDI
   475 00000403 56                              	PUSH	ESI
   476 00000404 31 F6                           	XOR	ESI,ESI
   477 00000406 53                              	PUSH	EBX
   478 00000407 8B 7D 1C                        	MOV	EDI,DWORD [28+EBP]
   479 0000040A 8A 5D 18                        	MOV	BL,BYTE [24+EBP]
   480 0000040D                                 L44:
   481 0000040D 8B 45 14                        	MOV	EAX,DWORD [20+EBP]
   482 00000410 8B 55 10                        	MOV	EDX,DWORD [16+EBP]
   483 00000413 01 F0                           	ADD	EAX,ESI
   484 00000415 0F AF 45 0C                     	IMUL	EAX,DWORD [12+EBP]
   485 00000419 03 45 08                        	ADD	EAX,DWORD [8+EBP]
   486 0000041C 8D 0C 02                        	LEA	ECX,DWORD [EDX+EAX*1]
   487 0000041F 8A 14 3E                        	MOV	DL,BYTE [ESI+EDI*1]
   488 00000422 84 D2                           	TEST	DL,DL
   489 00000424 79 02                           	JNS	L36
   490 00000426 88 19                           	MOV	BYTE [ECX],BL
   491 00000428                                 L36:
   492 00000428 88 D0                           	MOV	AL,DL
   493 0000042A 83 E0 40                        	AND	EAX,64
   494 0000042D 84 C0                           	TEST	AL,AL
   495 0000042F 74 03                           	JE	L37
   496 00000431 88 59 01                        	MOV	BYTE [1+ECX],BL
   497 00000434                                 L37:
   498 00000434 88 D0                           	MOV	AL,DL
   499 00000436 83 E0 20                        	AND	EAX,32
   500 00000439 84 C0                           	TEST	AL,AL
   501 0000043B 74 03                           	JE	L38
   502 0000043D 88 59 02                        	MOV	BYTE [2+ECX],BL
   503 00000440                                 L38:
   504 00000440 88 D0                           	MOV	AL,DL
   505 00000442 83 E0 10                        	AND	EAX,16
   506 00000445 84 C0                           	TEST	AL,AL
   507 00000447 74 03                           	JE	L39
   508 00000449 88 59 03                        	MOV	BYTE [3+ECX],BL
   509 0000044C                                 L39:
   510 0000044C 88 D0                           	MOV	AL,DL
   511 0000044E 83 E0 08                        	AND	EAX,8
   512 00000451 84 C0                           	TEST	AL,AL
   513 00000453 74 03                           	JE	L40
   514 00000455 88 59 04                        	MOV	BYTE [4+ECX],BL
   515 00000458                                 L40:
   516 00000458 88 D0                           	MOV	AL,DL
   517 0000045A 83 E0 04                        	AND	EAX,4
   518 0000045D 84 C0                           	TEST	AL,AL
   519 0000045F 74 03                           	JE	L41
   520 00000461 88 59 05                        	MOV	BYTE [5+ECX],BL
   521 00000464                                 L41:
   522 00000464 88 D0                           	MOV	AL,DL
   523 00000466 83 E0 02                        	AND	EAX,2
   524 00000469 84 C0                           	TEST	AL,AL
   525 0000046B 74 03                           	JE	L42
   526 0000046D 88 59 06                        	MOV	BYTE [6+ECX],BL
   527 00000470                                 L42:
   528 00000470 83 E2 01                        	AND	EDX,1
   529 00000473 84 D2                           	TEST	DL,DL
   530 00000475 74 03                           	JE	L34
   531 00000477 88 59 07                        	MOV	BYTE [7+ECX],BL
   532 0000047A                                 L34:
   533 0000047A 46                              	INC	ESI
   534 0000047B 83 FE 0F                        	CMP	ESI,15
   535 0000047E 7E 8D                           	JLE	L44
   536 00000480 5B                              	POP	EBX
   537 00000481 5E                              	POP	ESI
   538 00000482 5F                              	POP	EDI
   539 00000483 5D                              	POP	EBP
   540 00000484 C3                              	RET
   541 00000485                                 	GLOBAL	_putfonts
   542 00000485                                 _putfonts:
   543 00000485 55                              	PUSH	EBP
   544 00000486 89 E5                           	MOV	EBP,ESP
   545 00000488 57                              	PUSH	EDI
   546 00000489 56                              	PUSH	ESI
   547 0000048A 53                              	PUSH	EBX
   548 0000048B 50                              	PUSH	EAX
   549 0000048C 8B 5D 1C                        	MOV	EBX,DWORD [28+EBP]
   550 0000048F 8A 45 18                        	MOV	AL,BYTE [24+EBP]
   551 00000492 88 45 F3                        	MOV	BYTE [-13+EBP],AL
   552 00000495 8B 75 10                        	MOV	ESI,DWORD [16+EBP]
   553 00000498 8B 7D 14                        	MOV	EDI,DWORD [20+EBP]
   554 0000049B 80 3B 00                        	CMP	BYTE [EBX],0
   555 0000049E 75 08                           	JNE	L52
   556 000004A0                                 L54:
   557 000004A0 8D 65 F4                        	LEA	ESP,DWORD [-12+EBP]
   558 000004A3 5B                              	POP	EBX
   559 000004A4 5E                              	POP	ESI
   560 000004A5 5F                              	POP	EDI
   561 000004A6 5D                              	POP	EBP
   562 000004A7 C3                              	RET
   563 000004A8                                 L52:
   564 000004A8 0F B6 03                        	MOVZX	EAX,BYTE [EBX]
   565 000004AB C1 E0 04                        	SAL	EAX,4
   566 000004AE 43                              	INC	EBX
   567 000004AF 05 [00000000]                   	ADD	EAX,_hankaku
   568 000004B4 50                              	PUSH	EAX
   569 000004B5 0F BE 45 F3                     	MOVSX	EAX,BYTE [-13+EBP]
   570 000004B9 50                              	PUSH	EAX
   571 000004BA 57                              	PUSH	EDI
   572 000004BB 56                              	PUSH	ESI
   573 000004BC 83 C6 08                        	ADD	ESI,8
   574 000004BF FF 75 0C                        	PUSH	DWORD [12+EBP]
   575 000004C2 FF 75 08                        	PUSH	DWORD [8+EBP]
   576 000004C5 E8 FFFFFF35                     	CALL	_putfont8
   577 000004CA 83 C4 18                        	ADD	ESP,24
   578 000004CD 80 3B 00                        	CMP	BYTE [EBX],0
   579 000004D0 75 D6                           	JNE	L52
   580 000004D2 EB CC                           	JMP	L54
   581                                          [SECTION .data]
   582 00000072                                 _cursor.1:
   583 00000072 2A 2A 2A 2A 2A 2A 2A 2A 2A 2A   	DB	"**************.."
       0000007C 2A 2A 2A 2A 2E 2E 
   584 00000082 2A 4F 4F 4F 4F 4F 4F 4F 4F 4F   	DB	"*OOOOOOOOOOO*..."
       0000008C 4F 4F 2A 2E 2E 2E 
   585 00000092 2A 4F 4F 4F 4F 4F 4F 4F 4F 4F   	DB	"*OOOOOOOOOO*...."
       0000009C 4F 2A 2E 2E 2E 2E 
   586 000000A2 2A 4F 4F 4F 4F 4F 4F 4F 4F 4F   	DB	"*OOOOOOOOO*....."
       000000AC 2A 2E 2E 2E 2E 2E 
   587 000000B2 2A 4F 4F 4F 4F 4F 4F 4F 4F 2A   	DB	"*OOOOOOOO*......"
       000000BC 2E 2E 2E 2E 2E 2E 
   588 000000C2 2A 4F 4F 4F 4F 4F 4F 4F 2A 2E   	DB	"*OOOOOOO*......."
       000000CC 2E 2E 2E 2E 2E 2E 
   589 000000D2 2A 4F 4F 4F 4F 4F 4F 4F 2A 2E   	DB	"*OOOOOOO*......."
       000000DC 2E 2E 2E 2E 2E 2E 
   590 000000E2 2A 4F 4F 4F 4F 4F 4F 4F 4F 2A   	DB	"*OOOOOOOO*......"
       000000EC 2E 2E 2E 2E 2E 2E 
   591 000000F2 2A 4F 4F 4F 4F 2A 2A 4F 4F 4F   	DB	"*OOOO**OOO*....."
       000000FC 2A 2E 2E 2E 2E 2E 
   592 00000102 2A 4F 4F 4F 2A 2E 2E 2A 4F 4F   	DB	"*OOO*..*OOO*...."
       0000010C 4F 2A 2E 2E 2E 2E 
   593 00000112 2A 4F 4F 2A 2E 2E 2E 2E 2A 4F   	DB	"*OO*....*OOO*..."
       0000011C 4F 4F 2A 2E 2E 2E 
   594 00000122 2A 4F 2A 2E 2E 2E 2E 2E 2E 2A   	DB	"*O*......*OOO*.."
       0000012C 4F 4F 4F 2A 2E 2E 
   595 00000132 2A 2A 2E 2E 2E 2E 2E 2E 2E 2E   	DB	"**........*OOO*."
       0000013C 2A 4F 4F 4F 2A 2E 
   596 00000142 2A 2E 2E 2E 2E 2E 2E 2E 2E 2E   	DB	"*..........*OOO*"
       0000014C 2E 2A 4F 4F 4F 2A 
   597 00000152 2E 2E 2E 2E 2E 2E 2E 2E 2E 2E   	DB	"............*OO*"
       0000015C 2E 2E 2A 4F 4F 2A 
   598 00000162 2E 2E 2E 2E 2E 2E 2E 2E 2E 2E   	DB	".............***"
       0000016C 2E 2E 2E 2A 2A 2A 
   599                                          [SECTION .text]
   600 000004D4                                 	GLOBAL	_init_mouse_cursor8
   601 000004D4                                 _init_mouse_cursor8:
   602 000004D4 55                              	PUSH	EBP
   603 000004D5 89 E5                           	MOV	EBP,ESP
   604 000004D7 57                              	PUSH	EDI
   605 000004D8 56                              	PUSH	ESI
   606 000004D9 31 FF                           	XOR	EDI,EDI
   607 000004DB 53                              	PUSH	EBX
   608 000004DC 31 DB                           	XOR	EBX,EBX
   609 000004DE 50                              	PUSH	EAX
   610 000004DF 8A 45 0C                        	MOV	AL,BYTE [12+EBP]
   611 000004E2 8B 75 08                        	MOV	ESI,DWORD [8+EBP]
   612 000004E5 88 45 F3                        	MOV	BYTE [-13+EBP],AL
   613 000004E8                                 L68:
   614 000004E8 31 D2                           	XOR	EDX,EDX
   615 000004EA                                 L67:
   616 000004EA 8D 04 3A                        	LEA	EAX,DWORD [EDX+EDI*1]
   617 000004ED 80 B8 [00000072] 2A             	CMP	BYTE [_cursor.1+EAX],42
   618 000004F4 74 35                           	JE	L73
   619 000004F6                                 L64:
   620 000004F6 80 B8 [00000072] 4F             	CMP	BYTE [_cursor.1+EAX],79
   621 000004FD 74 26                           	JE	L74
   622 000004FF                                 L65:
   623 000004FF 80 B8 [00000072] 2E             	CMP	BYTE [_cursor.1+EAX],46
   624 00000506 74 15                           	JE	L75
   625 00000508                                 L62:
   626 00000508 42                              	INC	EDX
   627 00000509 83 FA 0F                        	CMP	EDX,15
   628 0000050C 7E DC                           	JLE	L67
   629 0000050E 43                              	INC	EBX
   630 0000050F 83 C7 10                        	ADD	EDI,16
   631 00000512 83 FB 0F                        	CMP	EBX,15
   632 00000515 7E D1                           	JLE	L68
   633 00000517 58                              	POP	EAX
   634 00000518 5B                              	POP	EBX
   635 00000519 5E                              	POP	ESI
   636 0000051A 5F                              	POP	EDI
   637 0000051B 5D                              	POP	EBP
   638 0000051C C3                              	RET
   639 0000051D                                 L75:
   640 0000051D 8A 4D F3                        	MOV	CL,BYTE [-13+EBP]
   641 00000520 88 0C 30                        	MOV	BYTE [EAX+ESI*1],CL
   642 00000523 EB E3                           	JMP	L62
   643 00000525                                 L74:
   644 00000525 C6 04 30 07                     	MOV	BYTE [EAX+ESI*1],7
   645 00000529 EB D4                           	JMP	L65
   646 0000052B                                 L73:
   647 0000052B C6 04 30 00                     	MOV	BYTE [EAX+ESI*1],0
   648 0000052F EB C5                           	JMP	L64
   649 00000531                                 	GLOBAL	_putblock8_8
   650 00000531                                 _putblock8_8:
   651 00000531 55                              	PUSH	EBP
   652 00000532 89 E5                           	MOV	EBP,ESP
   653 00000534 57                              	PUSH	EDI
   654 00000535 56                              	PUSH	ESI
   655 00000536 31 F6                           	XOR	ESI,ESI
   656 00000538 53                              	PUSH	EBX
   657 00000539 83 EC 0C                        	SUB	ESP,12
   658 0000053C 3B 75 14                        	CMP	ESI,DWORD [20+EBP]
   659 0000053F 7D 3E                           	JGE	L88
   660 00000541 31 FF                           	XOR	EDI,EDI
   661 00000543                                 L86:
   662 00000543 31 DB                           	XOR	EBX,EBX
   663 00000545 3B 5D 10                        	CMP	EBX,DWORD [16+EBP]
   664 00000548 7D 2C                           	JGE	L90
   665 0000054A 8B 45 20                        	MOV	EAX,DWORD [32+EBP]
   666 0000054D 01 F8                           	ADD	EAX,EDI
   667 0000054F 89 45 EC                        	MOV	DWORD [-20+EBP],EAX
   668 00000552                                 L85:
   669 00000552 8B 45 1C                        	MOV	EAX,DWORD [28+EBP]
   670 00000555 8B 55 18                        	MOV	EDX,DWORD [24+EBP]
   671 00000558 01 F0                           	ADD	EAX,ESI
   672 0000055A 01 DA                           	ADD	EDX,EBX
   673 0000055C 0F AF 45 0C                     	IMUL	EAX,DWORD [12+EBP]
   674 00000560 01 D0                           	ADD	EAX,EDX
   675 00000562 8B 4D 08                        	MOV	ECX,DWORD [8+EBP]
   676 00000565 8B 55 EC                        	MOV	EDX,DWORD [-20+EBP]
   677 00000568 43                              	INC	EBX
   678 00000569 8A 12                           	MOV	DL,BYTE [EDX]
   679 0000056B 88 14 08                        	MOV	BYTE [EAX+ECX*1],DL
   680 0000056E FF 45 EC                        	INC	DWORD [-20+EBP]
   681 00000571 3B 5D 10                        	CMP	EBX,DWORD [16+EBP]
   682 00000574 7C DC                           	JL	L85
   683 00000576                                 L90:
   684 00000576 46                              	INC	ESI
   685 00000577 03 7D 24                        	ADD	EDI,DWORD [36+EBP]
   686 0000057A 3B 75 14                        	CMP	ESI,DWORD [20+EBP]
   687 0000057D 7C C4                           	JL	L86
   688 0000057F                                 L88:
   689 0000057F 83 C4 0C                        	ADD	ESP,12
   690 00000582 5B                              	POP	EBX
   691 00000583 5E                              	POP	ESI
   692 00000584 5F                              	POP	EDI
   693 00000585 5D                              	POP	EBP
   694 00000586 C3                              	RET
